module ('module')
WHITE_SPACE (' ')
IDENT ('A')
WHITE_SPACE (' ')
{ ('{')
WHITE_SPACE ('\n\n  ')
fun ('fun')
WHITE_SPACE (' ')
IDENT ('a')
( ('(')
) (')')
WHITE_SPACE (' ')
: (':')
WHITE_SPACE (' ')
IDENT ('String')
WHITE_SPACE (' ')
{ ('{')
WHITE_SPACE ('\n    ')
IDENT ('woop')
( ('(')
) (')')
WHITE_SPACE ('\n  ')
} ('}')
WHITE_SPACE (' ')
catch ('catch')
WHITE_SPACE (' ')
IDENT ('Error')
. ('.')
IDENT ('Message')
WHITE_SPACE (' ')
=> ('=>')
WHITE_SPACE (' ')
IDENT ('error')
WHITE_SPACE (' ')
{ ('{')
WHITE_SPACE ('\n    ')
IDENT ('error')
( ('(')
) (')')
WHITE_SPACE ('\n  ')
} ('}')
WHITE_SPACE ('\n\n')
} ('}')