routes ('routes')
WHITE_SPACE (' ')
{ ('{')
WHITE_SPACE ('\n\n  ')
/ ('/')
LOWER_IDENT ('home')
WHITE_SPACE (' ')
{ ('{')
WHITE_SPACE ('\n    ')
sequence ('sequence')
WHITE_SPACE (' ')
{ ('{')
WHITE_SPACE ('\n      ')
CAPITALISED_IDENT ('Application')
. ('.')
LOWER_IDENT ('setPage')
( ('(')
STRING_LITERAL ('"home"')
) (')')
WHITE_SPACE ('\n    ')
} ('}')
WHITE_SPACE ('\n  ')
} ('}')
WHITE_SPACE ('\n\n  ')
/ ('/')
WHITE_SPACE (' ')
{ ('{')
WHITE_SPACE ('\n    ')
sequence ('sequence')
WHITE_SPACE (' ')
{ ('{')
WHITE_SPACE ('\n      ')
CAPITALISED_IDENT ('Application')
. ('.')
LOWER_IDENT ('setPage')
( ('(')
STRING_LITERAL ('"home"')
) (')')
WHITE_SPACE ('\n    ')
} ('}')
WHITE_SPACE ('\n  ')
} ('}')
WHITE_SPACE ('\n\n   ')
* ('*')
WHITE_SPACE (' ')
{ ('{')
WHITE_SPACE ('\n     ')
CAPITALISED_IDENT ('Application')
. ('.')
LOWER_IDENT ('setPage')
( ('(')
STRING_LITERAL ('"not_found"')
) (')')
WHITE_SPACE ('\n   ')
} ('}')
WHITE_SPACE ('\n\n')
} ('}')