component ('component')
WHITE_SPACE (' ')
IDENT ('Cool')
WHITE_SPACE (' ')
{ ('{')
WHITE_SPACE ('\n\n  ')
fun ('fun')
WHITE_SPACE (' ')
IDENT ('render')
WHITE_SPACE (' ')
: (':')
WHITE_SPACE (' ')
IDENT ('Html')
WHITE_SPACE (' ')
{ ('{')
WHITE_SPACE ('\n    ')
</ ('</')
IDENT ('div')
> ('>')
WHITE_SPACE ('\n  ')
} ('}')
WHITE_SPACE ('\n\n  ')
fun ('fun')
WHITE_SPACE (' ')
IDENT ('go')
( ('(')
) (')')
WHITE_SPACE (' ')
: (':')
WHITE_SPACE (' ')
IDENT ('Number')
WHITE_SPACE (' ')
{ ('{')
WHITE_SPACE ('\n    ')
try ('try')
WHITE_SPACE (' ')
{ ('{')
WHITE_SPACE ('\n      ')
IDENT ('a')
WHITE_SPACE (' ')
= ('=')
WHITE_SPACE (' ')
NUMBER_LITERAL ('1')
WHITE_SPACE ('\n      ')
IDENT ('a')
WHITE_SPACE ('\n    ')
} ('}')
WHITE_SPACE ('\n  ')
} ('}')
WHITE_SPACE ('\n\n')
} ('}')