module ('module')
WHITE_SPACE (' ')
IDENT ('A')
WHITE_SPACE (' ')
{ ('{')
WHITE_SPACE ('\n\n  ')
fun ('fun')
WHITE_SPACE (' ')
IDENT ('woop')
( ('(')
IDENT ('a')
WHITE_SPACE (' ')
: (':')
WHITE_SPACE (' ')
IDENT ('Number')
) (')')
WHITE_SPACE (' ')
: (':')
WHITE_SPACE (' ')
IDENT ('Number')
WHITE_SPACE (' ')
{ ('{')
WHITE_SPACE ('\n    ')
if ('if')
( ('(')
IDENT ('a')
WHITE_SPACE (' ')
== ('==')
WHITE_SPACE (' ')
NUMBER_LITERAL ('1')
) (')')
{ ('{')
WHITE_SPACE ('\n      ')
NUMBER_LITERAL ('1')
WHITE_SPACE ('\n    ')
} ('}')
WHITE_SPACE (' ')
else ('else')
WHITE_SPACE (' ')
{ ('{')
WHITE_SPACE ('\n      ')
NUMBER_LITERAL ('2')
WHITE_SPACE ('\n    ')
} ('}')
WHITE_SPACE ('\n  ')
} ('}')
WHITE_SPACE ('\n\n')
} ('}')