component ('component')
WHITE_SPACE (' ')
IDENT ('Cool')
WHITE_SPACE (' ')
{ ('{')
WHITE_SPACE ('\n\n  ')
fun ('fun')
WHITE_SPACE (' ')
IDENT ('render')
WHITE_SPACE (' ')
: (':')
WHITE_SPACE (' ')
IDENT ('Html')
WHITE_SPACE (' ')
{ ('{')
WHITE_SPACE ('\n    ')
</ ('</')
IDENT ('div')
> ('>')
WHITE_SPACE ('\n  ')
} ('}')
WHITE_SPACE ('\n\n  ')
fun ('fun')
WHITE_SPACE (' ')
IDENT ('go')
( ('(')
) (')')
WHITE_SPACE (' ')
: (':')
WHITE_SPACE (' ')
IDENT ('Void')
WHITE_SPACE (' ')
{ ('{')
WHITE_SPACE ('\n    ')
do ('do')
WHITE_SPACE (' ')
{ ('{')
WHITE_SPACE ('\n      ')
IDENT ('something')
( ('(')
) (')')
WHITE_SPACE ('\n    ')
} ('}')
WHITE_SPACE ('\n  ')
} ('}')
WHITE_SPACE ('\n\n')
} ('}')