module ('module')
WHITE_SPACE (' ')
IDENT ('A')
WHITE_SPACE (' ')
{ ('{')
WHITE_SPACE ('\n\n  ')
fun ('fun')
WHITE_SPACE (' ')
IDENT ('go')
( ('(')
) (')')
WHITE_SPACE (' ')
: (':')
WHITE_SPACE (' ')
IDENT ('Void')
WHITE_SPACE (' ')
{ ('{')
WHITE_SPACE ('\n    ')
void ('void')
WHITE_SPACE ('\n  ')
} ('}')
WHITE_SPACE ('\n\n  ')
fun ('fun')
WHITE_SPACE (' ')
IDENT ('goo')
WHITE_SPACE (' ')
: (':')
WHITE_SPACE (' ')
IDENT ('Void')
WHITE_SPACE (' ')
{ ('{')
WHITE_SPACE ('\n    ')
void ('void')
WHITE_SPACE ('\n  ')
} ('}')
WHITE_SPACE ('\n\n  ')
fun ('fun')
WHITE_SPACE (' ')
IDENT ('go')
( ('(')
IDENT ('a')
WHITE_SPACE (' ')
: (':')
WHITE_SPACE (' ')
IDENT ('String')
, (',')
WHITE_SPACE (' ')
IDENT ('b')
WHITE_SPACE (' ')
: (':')
WHITE_SPACE (' ')
IDENT ('Number')
) (')')
WHITE_SPACE (' ')
: (':')
WHITE_SPACE (' ')
IDENT ('Void')
WHITE_SPACE (' ')
{ ('{')
WHITE_SPACE ('\n    ')
void ('void')
WHITE_SPACE ('\n  ')
} ('}')
WHITE_SPACE ('\n\n')
} ('}')