module ('module')
WHITE_SPACE (' ')
CAPITALISED_IDENT ('A')
WHITE_SPACE (' ')
{ ('{')
WHITE_SPACE ('\n\n  ')
fun ('fun')
WHITE_SPACE (' ')
LOWER_IDENT ('woop')
( ('(')
) (')')
WHITE_SPACE (' ')
: (':')
WHITE_SPACE (' ')
CAPITALISED_IDENT ('Bool')
WHITE_SPACE (' ')
{ ('{')
WHITE_SPACE ('\n    ')
if ('if')
( ('(')
true ('true')
) (')')
WHITE_SPACE (' ')
{ ('{')
WHITE_SPACE ('\n      ')
false ('false')
WHITE_SPACE ('\n    ')
} ('}')
WHITE_SPACE (' ')
else ('else')
WHITE_SPACE (' ')
{ ('{')
WHITE_SPACE ('\n      ')
true ('true')
WHITE_SPACE ('\n    ')
} ('}')
WHITE_SPACE ('\n  ')
} ('}')
WHITE_SPACE ('\n')
} ('}')