store ('store')
WHITE_SPACE (' ')
IDENT ('A')
WHITE_SPACE (' ')
{ ('{')
WHITE_SPACE ('\n\n  ')
state ('state')
WHITE_SPACE (' ')
IDENT ('name')
WHITE_SPACE (' ')
: (':')
WHITE_SPACE (' ')
IDENT ('String')
WHITE_SPACE (' ')
= ('=')
WHITE_SPACE (' ')
STRING_LITERAL ('""')
WHITE_SPACE ('\n  ')
state ('state')
WHITE_SPACE (' ')
IDENT ('list')
WHITE_SPACE (' ')
: (':')
WHITE_SPACE (' ')
IDENT ('Array')
( ('(')
IDENT ('Item')
) (')')
WHITE_SPACE (' ')
= ('=')
WHITE_SPACE (' ')
[] ('[]')
WHITE_SPACE ('\n\n')
} ('}')