component ('component')
WHITE_SPACE (' ')
CAPITALISED_IDENT ('A')
WHITE_SPACE (' ')
{ ('{')
WHITE_SPACE ('\n\n  ')
fun ('fun')
WHITE_SPACE (' ')
LOWER_IDENT ('woop')
WHITE_SPACE (' ')
: (':')
WHITE_SPACE (' ')
CAPITALISED_IDENT ('Void')
WHITE_SPACE (' ')
{ ('{')
WHITE_SPACE ('\n    ')
next ('next')
WHITE_SPACE (' ')
{ ('{')
WHITE_SPACE (' ')
LOWER_IDENT ('cat')
WHITE_SPACE (' ')
= ('=')
WHITE_SPACE (' ')
LOWER_IDENT ('cat')
, (',')
WHITE_SPACE (' ')
LOWER_IDENT ('dog')
WHITE_SPACE (' ')
= ('=')
WHITE_SPACE (' ')
LOWER_IDENT ('dog')
WHITE_SPACE (' ')
} ('}')
WHITE_SPACE ('\n  ')
} ('}')
WHITE_SPACE ('\n\n  ')
fun ('fun')
WHITE_SPACE (' ')
LOWER_IDENT ('render')
WHITE_SPACE (' ')
: (':')
WHITE_SPACE (' ')
CAPITALISED_IDENT ('Html')
WHITE_SPACE (' ')
{ ('{')
WHITE_SPACE ('\n    ')
< ('<')
/ ('/')
LOWER_IDENT ('div')
> ('>')
WHITE_SPACE ('\n  ')
} ('}')
WHITE_SPACE ('\n\n')
} ('}')