store ('store')
WHITE_SPACE (' ')
CAPITALISED_IDENT ('A')
WHITE_SPACE (' ')
{ ('{')
WHITE_SPACE ('\n\n')
} ('}')