record ('record')
WHITE_SPACE (' ')
CAPITALISED_IDENT ('B')
WHITE_SPACE (' ')
{ ('{')
WHITE_SPACE ('\n  ')
LOWER_IDENT ('name')
WHITE_SPACE (' ')
: (':')
WHITE_SPACE (' ')
CAPITALISED_IDENT ('String')
WHITE_SPACE (' ')
using ('using')
WHITE_SPACE (' ')
STRING_LITERAL ('"first_name"')
, (',')
WHITE_SPACE ('\n  ')
LOWER_IDENT ('age')
WHITE_SPACE (' ')
: (':')
WHITE_SPACE (' ')
CAPITALISED_IDENT ('Number')
WHITE_SPACE (' ')
using ('using')
WHITE_SPACE (' ')
STRING_LITERAL ('"my_age"')
WHITE_SPACE ('\n')
} ('}')