module ('module')
WHITE_SPACE (' ')
CAPITALISED_IDENT ('CoachGenerator')
WHITE_SPACE (' ')
{ ('{')
WHITE_SPACE ('\n\n  ')
fun ('fun')
WHITE_SPACE (' ')
LOWER_IDENT ('generate')
WHITE_SPACE (' ')
( ('(')
LOWER_IDENT ('days')
WHITE_SPACE (' ')
: (':')
WHITE_SPACE (' ')
CAPITALISED_IDENT ('Number')
, (',')
WHITE_SPACE (' ')
LOWER_IDENT ('workoutHistory')
WHITE_SPACE (' ')
: (':')
WHITE_SPACE (' ')
CAPITALISED_IDENT ('Array')
( ('(')
CAPITALISED_IDENT ('WorkoutsResult')
) (')')
, (',')
WHITE_SPACE (' ')
LOWER_IDENT ('calibrationResult')
WHITE_SPACE (' ')
: (':')
WHITE_SPACE (' ')
CAPITALISED_IDENT ('CalibrationResult')
) (')')
WHITE_SPACE (' ')
: (':')
WHITE_SPACE (' ')
CAPITALISED_IDENT ('Array')
( ('(')
CAPITALISED_IDENT ('Workouts')
) (')')
WHITE_SPACE (' ')
{ ('{')
WHITE_SPACE ('\n    ')
case ('case')
WHITE_SPACE (' ')
( ('(')
LOWER_IDENT ('days')
) (')')
WHITE_SPACE (' ')
{ ('{')
WHITE_SPACE ('\n      ')
NUMBER_LITERAL ('1')
WHITE_SPACE (' ')
=> ('=>')
WHITE_SPACE (' ')
LOWER_IDENT ('generate1')
( ('(')
LOWER_IDENT ('workoutHistory')
, (',')
WHITE_SPACE (' ')
LOWER_IDENT ('calibrationResult')
) (')')
WHITE_SPACE ('\n      ')
NUMBER_LITERAL ('2')
WHITE_SPACE (' ')
=> ('=>')
WHITE_SPACE (' ')
LOWER_IDENT ('generate2')
( ('(')
LOWER_IDENT ('workoutHistory')
, (',')
WHITE_SPACE (' ')
LOWER_IDENT ('calibrationResult')
) (')')
WHITE_SPACE ('\n      ')
NUMBER_LITERAL ('3')
WHITE_SPACE (' ')
=> ('=>')
WHITE_SPACE (' ')
LOWER_IDENT ('generate3')
( ('(')
LOWER_IDENT ('workoutHistory')
, (',')
WHITE_SPACE (' ')
LOWER_IDENT ('calibrationResult')
) (')')
WHITE_SPACE ('\n      ')
NUMBER_LITERAL ('4')
WHITE_SPACE (' ')
=> ('=>')
WHITE_SPACE (' ')
LOWER_IDENT ('generate4')
( ('(')
LOWER_IDENT ('workoutHistory')
, (',')
WHITE_SPACE (' ')
LOWER_IDENT ('calibrationResult')
) (')')
WHITE_SPACE ('\n      ')
NUMBER_LITERAL ('5')
WHITE_SPACE (' ')
=> ('=>')
WHITE_SPACE (' ')
LOWER_IDENT ('generate5')
( ('(')
LOWER_IDENT ('workoutHistory')
, (',')
WHITE_SPACE (' ')
LOWER_IDENT ('calibrationResult')
) (')')
WHITE_SPACE ('\n      ')
NUMBER_LITERAL ('6')
WHITE_SPACE (' ')
=> ('=>')
WHITE_SPACE (' ')
LOWER_IDENT ('generate6')
( ('(')
LOWER_IDENT ('workoutHistory')
, (',')
WHITE_SPACE (' ')
LOWER_IDENT ('calibrationResult')
) (')')
WHITE_SPACE ('\n      ')
NUMBER_LITERAL ('7')
WHITE_SPACE (' ')
=> ('=>')
WHITE_SPACE (' ')
LOWER_IDENT ('generate7')
( ('(')
LOWER_IDENT ('workoutHistory')
, (',')
WHITE_SPACE (' ')
LOWER_IDENT ('calibrationResult')
) (')')
WHITE_SPACE ('\n      ')
=> ('=>')
WHITE_SPACE (' ')
LOWER_IDENT ('generate3')
( ('(')
LOWER_IDENT ('workoutHistory')
, (',')
WHITE_SPACE (' ')
LOWER_IDENT ('calibrationResult')
) (')')
WHITE_SPACE ('\n    ')
} ('}')
WHITE_SPACE ('\n  ')
} ('}')
WHITE_SPACE ('\n\n')
} ('}')