enum ('enum')
WHITE_SPACE (' ')
CAPITALISED_IDENT ('Fruit')
WHITE_SPACE (' ')
{ ('{')
WHITE_SPACE ('\n  ')
CAPITALISED_IDENT ('Apple')
WHITE_SPACE ('\n  ')
CAPITALISED_IDENT ('Pear')
WHITE_SPACE ('\n  ')
CAPITALISED_IDENT ('Banana')
WHITE_SPACE ('\n')
} ('}')