suite ('suite')
WHITE_SPACE (' ')
STRING_LITERAL ('"Array foldl"')
WHITE_SPACE (' ')
{ ('{')
WHITE_SPACE ('\n  ')
test ('test')
WHITE_SPACE (' ')
STRING_LITERAL ('"folds left"')
WHITE_SPACE (' ')
{ ('{')
WHITE_SPACE ('\n    ')
CAPITALISED_IDENT ('Array')
. ('.')
CAPITALISED_IDENT ('Extra')
. ('.')
LOWER_IDENT ('foldl')
( ('(')
WHITE_SPACE ('\n      ')
( ('(')
LOWER_IDENT ('acc')
WHITE_SPACE (' ')
: (':')
WHITE_SPACE (' ')
CAPITALISED_IDENT ('Number')
, (',')
WHITE_SPACE (' ')
LOWER_IDENT ('n')
WHITE_SPACE (' ')
: (':')
WHITE_SPACE (' ')
CAPITALISED_IDENT ('Number')
) (')')
WHITE_SPACE (' ')
: (':')
WHITE_SPACE (' ')
CAPITALISED_IDENT ('Number')
WHITE_SPACE (' ')
=> ('=>')
WHITE_SPACE (' ')
{ ('{')
WHITE_SPACE (' ')
LOWER_IDENT ('acc')
WHITE_SPACE (' ')
+ ('+')
WHITE_SPACE (' ')
LOWER_IDENT ('n')
WHITE_SPACE (' ')
} ('}')
, (',')
WHITE_SPACE ('\n      ')
NUMBER_LITERAL ('0')
, (',')
WHITE_SPACE ('\n      ')
[ ('[')
WHITE_SPACE ('\n        ')
NUMBER_LITERAL ('1')
, (',')
WHITE_SPACE ('\n        ')
NUMBER_LITERAL ('2')
, (',')
WHITE_SPACE ('\n        ')
NUMBER_LITERAL ('3')
, (',')
WHITE_SPACE ('\n        ')
NUMBER_LITERAL ('4')
, (',')
WHITE_SPACE ('\n        ')
NUMBER_LITERAL ('5')
WHITE_SPACE ('\n      ')
] (']')
) (')')
WHITE_SPACE (' ')
== ('==')
WHITE_SPACE (' ')
NUMBER_LITERAL ('15')
WHITE_SPACE ('\n  ')
} ('}')
WHITE_SPACE ('\n')
} ('}')