component ('component')
WHITE_SPACE (' ')
CAPITALISED_IDENT ('Cool')
WHITE_SPACE (' ')
{ ('{')
WHITE_SPACE ('\n\n  ')
fun ('fun')
WHITE_SPACE (' ')
LOWER_IDENT ('render')
WHITE_SPACE (' ')
: (':')
WHITE_SPACE (' ')
CAPITALISED_IDENT ('Html')
WHITE_SPACE (' ')
{ ('{')
WHITE_SPACE ('\n    ')
< ('<')
/ ('/')
LOWER_IDENT ('div')
> ('>')
WHITE_SPACE ('\n  ')
} ('}')
WHITE_SPACE ('\n\n  ')
fun ('fun')
WHITE_SPACE (' ')
LOWER_IDENT ('go')
( ('(')
) (')')
WHITE_SPACE (' ')
: (':')
WHITE_SPACE (' ')
CAPITALISED_IDENT ('Void')
WHITE_SPACE (' ')
{ ('{')
WHITE_SPACE ('\n    ')
parallel ('parallel')
WHITE_SPACE (' ')
{ ('{')
WHITE_SPACE ('\n      ')
LOWER_IDENT ('something')
( ('(')
) (')')
WHITE_SPACE ('\n    ')
} ('}')
WHITE_SPACE ('\n  ')
} ('}')
WHITE_SPACE ('\n\n')
} ('}')