component ('component')
WHITE_SPACE (' ')
IDENT ('Cool')
WHITE_SPACE (' ')
{ ('{')
WHITE_SPACE ('\n\n  ')
fun ('fun')
WHITE_SPACE (' ')
IDENT ('render')
WHITE_SPACE (' ')
: (':')
WHITE_SPACE (' ')
IDENT ('Html')
WHITE_SPACE (' ')
{ ('{')
WHITE_SPACE ('\n    ')
</ ('</')
IDENT ('div')
> ('>')
WHITE_SPACE ('\n  ')
} ('}')
WHITE_SPACE ('\n\n')
} ('}')