module ('module')
WHITE_SPACE (' ')
CAPITALISED_IDENT ('A')
WHITE_SPACE (' ')
{ ('{')
WHITE_SPACE ('\n\n  ')
fun ('fun')
WHITE_SPACE (' ')
LOWER_IDENT ('decoder')
( ('(')
) (')')
WHITE_SPACE (' ')
: (':')
WHITE_SPACE (' ')
CAPITALISED_IDENT ('String')
WHITE_SPACE (' ')
{ ('{')
WHITE_SPACE ('\n    ')
decode ('decode')
WHITE_SPACE (' ')
as ('as')
WHITE_SPACE (' ')
CAPITALISED_IDENT ('String')
WHITE_SPACE ('\n  ')
} ('}')
WHITE_SPACE ('\n\n')
} ('}')