record ('record')
WHITE_SPACE (' ')
IDENT ('A')
WHITE_SPACE (' ')
{ ('{')
WHITE_SPACE ('\n  ')
IDENT ('name')
WHITE_SPACE (' ')
: (':')
WHITE_SPACE (' ')
IDENT ('String')
, (',')
WHITE_SPACE ('\n  ')
IDENT ('list')
WHITE_SPACE (' ')
: (':')
WHITE_SPACE (' ')
IDENT ('Array')
( ('(')
IDENT ('Item')
) (')')
WHITE_SPACE ('\n')
} ('}')