module ('module')
WHITE_SPACE (' ')
CAPITALISED_IDENT ('B')
WHITE_SPACE (' ')
{ ('{')
WHITE_SPACE ('\n\n  ')
fun ('fun')
WHITE_SPACE (' ')
LOWER_IDENT ('yay')
WHITE_SPACE (' ')
: (':')
WHITE_SPACE (' ')
CAPITALISED_IDENT ('Void')
WHITE_SPACE (' ')
{ ('{')
WHITE_SPACE ('\n    ')
LOWER_IDENT ('something')
( ('(')
) (')')
WHITE_SPACE ('\n  ')
} ('}')
WHITE_SPACE (' ')
where ('where')
WHITE_SPACE (' ')
{ ('{')
WHITE_SPACE ('\n    ')
LOWER_IDENT ('a')
WHITE_SPACE (' ')
= ('=')
WHITE_SPACE (' ')
CAPITALISED_IDENT ('Debug')
. ('.')
LOWER_IDENT ('log')
( ('(')
STRING_LITERAL ('"woops"')
) (')')
WHITE_SPACE ('\n  ')
} ('}')
WHITE_SPACE ('\n\n')
} ('}')