component ('component')
WHITE_SPACE (' ')
IDENT ('A')
WHITE_SPACE (' ')
{ ('{')
WHITE_SPACE ('\n\n  ')
property ('property')
WHITE_SPACE (' ')
IDENT ('name')
WHITE_SPACE (' ')
: (':')
WHITE_SPACE (' ')
IDENT ('String')
WHITE_SPACE (' ')
= ('=')
WHITE_SPACE (' ')
STRING_LITERAL ('""')
WHITE_SPACE ('\n\n  ')
fun ('fun')
WHITE_SPACE (' ')
IDENT ('render')
WHITE_SPACE (' ')
: (':')
WHITE_SPACE (' ')
IDENT ('Html')
WHITE_SPACE (' ')
{ ('{')
WHITE_SPACE ('\n    ')
</ ('</')
IDENT ('div')
> ('>')
WHITE_SPACE ('\n  ')
} ('}')
WHITE_SPACE ('\n\n')
} ('}')