module ('module')
WHITE_SPACE (' ')
IDENT ('A')
WHITE_SPACE (' ')
{ ('{')
WHITE_SPACE ('\n\n  ')
get ('get')
WHITE_SPACE (' ')
: (':')
WHITE_SPACE (' ')
IDENT ('String')
WHITE_SPACE (' ')
{ ('{')
WHITE_SPACE ('\n    ')
STRING_LITERAL ('"Hello"')
WHITE_SPACE ('\n  ')
} ('}')
WHITE_SPACE ('\n\n')
} ('}')