enum ('enum')
WHITE_SPACE (' ')
CAPITALISED_IDENT ('Cars')
WHITE_SPACE (' ')
{ ('{')
WHITE_SPACE ('\n  ')
CAPITALISED_IDENT ('Mercedes')
WHITE_SPACE ('\n  ')
CAPITALISED_IDENT ('Volvo')
WHITE_SPACE ('\n  ')
CAPITALISED_IDENT ('BMW')
WHITE_SPACE ('\n')
} ('}')
WHITE_SPACE ('\n\n')
component ('component')
WHITE_SPACE (' ')
CAPITALISED_IDENT ('A')
WHITE_SPACE (' ')
{ ('{')
WHITE_SPACE ('\n\n  ')
state ('state')
WHITE_SPACE (' ')
LOWER_IDENT ('error')
WHITE_SPACE (' ')
: (':')
WHITE_SPACE (' ')
CAPITALISED_IDENT ('String')
WHITE_SPACE (' ')
= ('=')
WHITE_SPACE (' ')
STRING_LITERAL ('""')
WHITE_SPACE ('\n  ')
property ('property')
WHITE_SPACE (' ')
LOWER_IDENT ('name')
WHITE_SPACE (' ')
: (':')
WHITE_SPACE (' ')
CAPITALISED_IDENT ('String')
WHITE_SPACE (' ')
= ('=')
WHITE_SPACE (' ')
STRING_LITERAL ('""')
WHITE_SPACE ('\n\n  ')
fun ('fun')
WHITE_SPACE (' ')
LOWER_IDENT ('js')
( ('(')
) (')')
WHITE_SPACE (' ')
: (':')
WHITE_SPACE (' ')
CAPITALISED_IDENT ('Thing')
WHITE_SPACE (' ')
{ ('{')
WHITE_SPACE ('\n    ')
STRING_LITERAL ('`var name = 'cool' ; return name;`')
WHITE_SPACE ('\n  ')
} ('}')
WHITE_SPACE ('\n\n  ')
fun ('fun')
WHITE_SPACE (' ')
LOWER_IDENT ('a')
( ('(')
) (')')
WHITE_SPACE (' ')
: (':')
WHITE_SPACE (' ')
CAPITALISED_IDENT ('Void')
WHITE_SPACE (' ')
{ ('{')
WHITE_SPACE ('\n    ')
sequence ('sequence')
WHITE_SPACE (' ')
{ ('{')
WHITE_SPACE ('\n      ')
if ('if')
( ('(')
LOWER_IDENT ('a')
WHITE_SPACE (' ')
== ('==')
WHITE_SPACE (' ')
NUMBER_LITERAL ('1')
WHITE_SPACE (' ')
&& ('&&')
WHITE_SPACE (' ')
LOWER_IDENT ('b')
WHITE_SPACE (' ')
!= ('!=')
WHITE_SPACE (' ')
NUMBER_LITERAL ('2')
WHITE_SPACE (' ')
|| ('||')
WHITE_SPACE (' ')
LOWER_IDENT ('c')
WHITE_SPACE (' ')
<= ('<=')
WHITE_SPACE (' ')
NUMBER_LITERAL ('3')
WHITE_SPACE (' ')
|| ('||')
WHITE_SPACE (' ')
LOWER_IDENT ('c')
WHITE_SPACE (' ')
> ('>')
WHITE_SPACE (' ')
LOWER_IDENT ('a')
WHITE_SPACE (' ')
&& ('&&')
WHITE_SPACE (' ')
LOWER_IDENT ('b')
WHITE_SPACE (' ')
< ('<')
WHITE_SPACE (' ')
LOWER_IDENT ('x')
WHITE_SPACE (' ')
|| ('||')
WHITE_SPACE (' ')
LOWER_IDENT ('b')
WHITE_SPACE (' ')
>= ('>=')
WHITE_SPACE (' ')
LOWER_IDENT ('y')
) (')')
{ ('{')
WHITE_SPACE ('\n        ')
true ('true')
WHITE_SPACE ('\n      ')
} ('}')
WHITE_SPACE (' ')
else ('else')
WHITE_SPACE (' ')
{ ('{')
WHITE_SPACE ('\n        ')
false ('false')
WHITE_SPACE ('\n      ')
} ('}')
WHITE_SPACE ('\n\n      ')
LOWER_IDENT ('a')
WHITE_SPACE (' ')
= ('=')
WHITE_SPACE (' ')
! ('!')
true ('true')
WHITE_SPACE ('\n\n      ')
LOWER_IDENT ('b')
WHITE_SPACE (' ')
= ('=')
WHITE_SPACE (' ')
NUMBER_LITERAL ('1')
WHITE_SPACE (' ')
+ ('+')
WHITE_SPACE (' ')
NUMBER_LITERAL ('1')
WHITE_SPACE (' ')
- ('-')
WHITE_SPACE (' ')
NUMBER_LITERAL ('4')
WHITE_SPACE (' ')
* ('*')
WHITE_SPACE (' ')
NUMBER_LITERAL ('8')
WHITE_SPACE (' ')
/ ('/')
WHITE_SPACE (' ')
NUMBER_LITERAL ('6')
WHITE_SPACE (' ')
% ('%')
WHITE_SPACE (' ')
NUMBER_LITERAL ('2')
WHITE_SPACE ('\n\n      ')
LOWER_IDENT ('c')
WHITE_SPACE (' ')
= ('=')
WHITE_SPACE (' ')
CAPITALISED_IDENT ('Cars')
:: ('::')
CAPITALISED_IDENT ('Volvo')
WHITE_SPACE ('\n\n      ')
LOWER_IDENT ('someList')
WHITE_SPACE ('\n      ')
|> ('|>')
WHITE_SPACE (' ')
CAPITALISED_IDENT ('Array')
. ('.')
LOWER_IDENT ('map')
( ('(')
LOWER_IDENT ('getName')
) (')')
WHITE_SPACE ('\n      ')
|> ('|>')
WHITE_SPACE (' ')
CAPITALISED_IDENT ('Array')
. ('.')
LOWER_IDENT ('filter')
( ('(')
( ('(')
LOWER_IDENT ('n')
WHITE_SPACE (' ')
: (':')
WHITE_SPACE (' ')
CAPITALISED_IDENT ('String')
) (')')
WHITE_SPACE (' ')
: (':')
WHITE_SPACE (' ')
CAPITALISED_IDENT ('String')
WHITE_SPACE (' ')
=> ('=>')
WHITE_SPACE (' ')
{ ('{')
WHITE_SPACE (' ')
LOWER_IDENT ('n')
WHITE_SPACE (' ')
+ ('+')
WHITE_SPACE (' ')
STRING_LITERAL ('"_hello"')
} ('}')
) (')')
WHITE_SPACE ('\n\n    ')
} ('}')
WHITE_SPACE (' ')
catch ('catch')
WHITE_SPACE (' ')
CAPITALISED_IDENT ('Error')
WHITE_SPACE (' ')
=> ('=>')
WHITE_SPACE (' ')
LOWER_IDENT ('error')
WHITE_SPACE (' ')
{ ('{')
WHITE_SPACE ('\n      ')
void ('void')
WHITE_SPACE ('\n    ')
} ('}')
WHITE_SPACE (' ')
catch ('catch')
WHITE_SPACE (' ')
CAPITALISED_IDENT ('String')
WHITE_SPACE (' ')
=> ('=>')
WHITE_SPACE (' ')
LOWER_IDENT ('error')
WHITE_SPACE (' ')
{ ('{')
WHITE_SPACE ('\n      ')
next ('next')
WHITE_SPACE (' ')
{ ('{')
WHITE_SPACE (' ')
LOWER_IDENT ('error')
WHITE_SPACE (' ')
= ('=')
WHITE_SPACE (' ')
LOWER_IDENT ('error')
} ('}')
WHITE_SPACE ('\n    ')
} ('}')
WHITE_SPACE ('\n\n  ')
} ('}')
WHITE_SPACE (' ')
where ('where')
WHITE_SPACE (' ')
{ ('{')
WHITE_SPACE ('\n    ')
LOWER_IDENT ('myList')
WHITE_SPACE ('\n  ')
} ('}')
WHITE_SPACE ('\n\n')
} ('}')